// Jest Snapshot v1, https://goo.gl/fbAQLP

exports[`renders learn react link 1`] = `
<DocumentFragment>
  <div
    class="flex flex-col items-center justify-center"
  >
    <h1
      class="text-pink-200 text-4xl tablet:text-6xl laptop:text-7xl font-sans font-bold m-4"
    >
      Wedding Tracker
    </h1>
    <h1>
       Timer 
    </h1>
  </div>
</DocumentFragment>
`;
